
===========================================================================
 report_power
============================================================================
======================= min_ss_100C_1v60 Corner ===================================

Group                    Internal    Switching      Leakage        Total
                            Power        Power        Power        Power (Watts)
------------------------------------------------------------------------
Sequential           9.409393e-03 4.977312e-03 4.441064e-05 1.443112e-02   6.0%
Combinational        1.023497e-01 1.193741e-01 2.288912e-04 2.219527e-01  91.6%
Clock                2.796958e-03 3.128111e-03 6.944902e-06 5.932014e-03   2.4%
Macro                0.000000e+00 0.000000e+00 0.000000e+00 0.000000e+00   0.0%
Pad                  0.000000e+00 0.000000e+00 0.000000e+00 0.000000e+00   0.0%
------------------------------------------------------------------------
Total                1.145571e-01 1.274794e-01 2.802495e-04 2.423167e-01 100.0%
                            47.3%        52.6%         0.1%

