
===========================================================================
 report_power
============================================================================
======================= nom_tt_025C_1v80 Corner ===================================

Group                    Internal    Switching      Leakage        Total
                            Power        Power        Power        Power (Watts)
------------------------------------------------------------------------
Sequential           1.348094e-04 1.260305e-04 2.724667e-10 2.608401e-04  12.1%
Combinational        6.064633e-04 1.102832e-03 1.722652e-08 1.709313e-03  79.1%
Clock                7.775852e-05 1.123031e-04 8.912133e-10 1.900625e-04   8.8%
Macro                0.000000e+00 0.000000e+00 0.000000e+00 0.000000e+00   0.0%
Pad                  0.000000e+00 0.000000e+00 0.000000e+00 0.000000e+00   0.0%
------------------------------------------------------------------------
Total                8.190311e-04 1.341166e-03 1.839017e-08 2.160215e-03 100.0%
                            37.9%        62.1%         0.0%

