
===========================================================================
 report_power
============================================================================
======================= max_ff_n40C_1v95 Corner ===================================

Group                    Internal    Switching      Leakage        Total
                            Power        Power        Power        Power (Watts)
------------------------------------------------------------------------
Sequential           2.784553e-03 4.569634e-04 1.327689e-08 3.241529e-03  26.3%
Combinational        9.547385e-04 4.430369e-03 3.236508e-08 5.385140e-03  43.6%
Clock                1.198492e-03 2.522328e-03 7.495905e-08 3.720895e-03  30.1%
Macro                0.000000e+00 0.000000e+00 0.000000e+00 0.000000e+00   0.0%
Pad                  0.000000e+00 0.000000e+00 0.000000e+00 0.000000e+00   0.0%
------------------------------------------------------------------------
Total                4.937784e-03 7.409659e-03 1.206004e-07 1.234756e-02 100.0%
                            40.0%        60.0%         0.0%

