
===========================================================================
 report_power
============================================================================
======================= max_ff_n40C_1v95 Corner ===================================

Group                    Internal    Switching      Leakage        Total
                            Power        Power        Power        Power (Watts)
------------------------------------------------------------------------
Sequential           1.548365e-04 1.493371e-04 5.894347e-10 3.041741e-04  11.9%
Combinational        6.879276e-04 1.327624e-03 5.090455e-08 2.015603e-03  79.2%
Clock                8.880299e-05 1.375575e-04 1.339734e-09 2.263618e-04   8.9%
Macro                0.000000e+00 0.000000e+00 0.000000e+00 0.000000e+00   0.0%
Pad                  0.000000e+00 0.000000e+00 0.000000e+00 0.000000e+00   0.0%
------------------------------------------------------------------------
Total                9.315670e-04 1.614518e-03 5.283369e-08 2.546138e-03 100.0%
                            36.6%        63.4%         0.0%

