
===========================================================================
 report_power
============================================================================
======================= max_ff_n40C_1v95 Corner ===================================

Group                    Internal    Switching      Leakage        Total
                            Power        Power        Power        Power (Watts)
------------------------------------------------------------------------
Sequential           1.354457e-04 6.395746e-05 6.814514e-10 1.994038e-04   6.0%
Combinational        9.677148e-04 2.029046e-03 1.273483e-08 2.996774e-03  89.5%
Clock                9.516977e-05 5.795066e-05 1.065746e-09 1.531215e-04   4.6%
Macro                0.000000e+00 0.000000e+00 0.000000e+00 0.000000e+00   0.0%
Pad                  0.000000e+00 0.000000e+00 0.000000e+00 0.000000e+00   0.0%
------------------------------------------------------------------------
Total                1.198331e-03 2.150955e-03 1.448203e-08 3.349300e-03 100.0%
                            35.8%        64.2%         0.0%

