
===========================================================================
 report_power
============================================================================
======================= nom_tt_025C_1v80 Corner ===================================

Group                    Internal    Switching      Leakage        Total
                            Power        Power        Power        Power (Watts)
------------------------------------------------------------------------
Sequential           1.169832e-04 5.306002e-05 3.080451e-10 1.700436e-04   6.0%
Combinational        8.556516e-04 1.674796e-03 4.098005e-09 2.530452e-03  89.4%
Clock                8.330030e-05 4.631555e-05 6.300485e-10 1.296165e-04   4.6%
Macro                0.000000e+00 0.000000e+00 0.000000e+00 0.000000e+00   0.0%
Pad                  0.000000e+00 0.000000e+00 0.000000e+00 0.000000e+00   0.0%
------------------------------------------------------------------------
Total                1.055935e-03 1.774172e-03 5.036098e-09 2.830112e-03 100.0%
                            37.3%        62.7%         0.0%

