
===========================================================================
 report_power
============================================================================
======================= nom_tt_025C_1v80 Corner ===================================

Group                    Internal    Switching      Leakage        Total
                            Power        Power        Power        Power (Watts)
------------------------------------------------------------------------
Sequential           1.053507e-02 6.063337e-03 2.626675e-08 1.659843e-02   4.5%
Combinational        1.541362e-01 1.952594e-01 1.824897e-07 3.493958e-01  93.7%
Clock                3.321621e-03 3.634807e-03 8.137154e-08 6.956510e-03   1.9%
Macro                0.000000e+00 0.000000e+00 0.000000e+00 0.000000e+00   0.0%
Pad                  0.000000e+00 0.000000e+00 0.000000e+00 0.000000e+00   0.0%
------------------------------------------------------------------------
Total                1.679936e-01 2.049573e-01 2.901302e-07 3.729512e-01 100.0%
                            45.0%        55.0%         0.0%

