
===========================================================================
 report_power
============================================================================
======================= min_ss_100C_1v60 Corner ===================================

Group                    Internal    Switching      Leakage        Total
                            Power        Power        Power        Power (Watts)
------------------------------------------------------------------------
Sequential           9.130582e-05 4.088310e-05 5.531495e-07 1.327421e-04   6.0%
Combinational        6.959306e-04 1.281014e-03 5.169521e-06 1.982115e-03  89.4%
Clock                6.820542e-05 3.399559e-05 1.208722e-07 1.023219e-04   4.6%
Macro                0.000000e+00 0.000000e+00 0.000000e+00 0.000000e+00   0.0%
Pad                  0.000000e+00 0.000000e+00 0.000000e+00 0.000000e+00   0.0%
------------------------------------------------------------------------
Total                8.554418e-04 1.355893e-03 5.843543e-06 2.217178e-03 100.0%
                            38.6%        61.2%         0.3%

