
===========================================================================
 report_power
============================================================================
======================= min_ss_100C_1v60 Corner ===================================

Group                    Internal    Switching      Leakage        Total
                            Power        Power        Power        Power (Watts)
------------------------------------------------------------------------
Sequential           8.215968e-03 4.421838e-03 4.305446e-05 1.268086e-02   4.4%
Combinational        1.255613e-01 1.465895e-01 2.277566e-04 2.723786e-01  93.8%
Clock                2.725112e-03 2.712287e-03 6.717196e-06 5.444115e-03   1.9%
Macro                0.000000e+00 0.000000e+00 0.000000e+00 0.000000e+00   0.0%
Pad                  0.000000e+00 0.000000e+00 0.000000e+00 0.000000e+00   0.0%
------------------------------------------------------------------------
Total                1.365006e-01 1.537238e-01 2.775317e-04 2.905020e-01 100.0%
                            47.0%        52.9%         0.1%

