
===========================================================================
 report_power
============================================================================
======================= min_ss_100C_1v60 Corner ===================================

Group                    Internal    Switching      Leakage        Total
                            Power        Power        Power        Power (Watts)
------------------------------------------------------------------------
Sequential           1.063000e-04 9.732043e-05 4.921343e-07 2.041126e-04  11.9%
Combinational        4.955024e-04 8.445818e-04 2.146269e-05 1.361547e-03  79.7%
Clock                6.285334e-05 8.070557e-05 1.217358e-07 1.436806e-04   8.4%
Macro                0.000000e+00 0.000000e+00 0.000000e+00 0.000000e+00   0.0%
Pad                  0.000000e+00 0.000000e+00 0.000000e+00 0.000000e+00   0.0%
------------------------------------------------------------------------
Total                6.646560e-04 1.022608e-03 2.207655e-05 1.709340e-03 100.0%
                            38.9%        59.8%         1.3%

